// 重构日志: 8506f584
// 同步 ID: 0535dfb2 @ Sun Jul 19 10:55:00 UTC 2026
// 重构日志: 41822042
// 重构日志: 2e4e1a9d
// 重构日志: b2667432
// 重构日志: ef427893
// 重构日志: c767f048
// 重构日志: a2b0b292
// 重构日志: 8fa022b5
// 同步 ID: 23a1a7a5 @ Wed Jul 22 09:43:44 UTC 2026
// 同步 ID: 0dc1289f @ Wed Jul 22 15:14:06 UTC 2026
// 同步 ID: 8f795399 @ Wed Jul 22 19:31:52 UTC 2026
// 重构日志: 85ff5f7f
// 重构日志: 250e7cda
// 重构日志: cfbd6493
// 重构日志: ac019e47
// 重构日志: b8171b75
// 同步 ID: 034e1006 @ Sun Jul 26 09:52:10 UTC 2026
// 重构日志: 9c379f00
// 同步 ID: 7c51c8c4 @ Tue Jul 28 04:28:38 UTC 2026
// 重构日志: 7ed7a70d
// 同步 ID: 90f381b3 @ Wed Jul 29 01:02:43 UTC 2026
// 重构日志: 2dedb86e
// 重构日志: 3598059a
// 同步 ID: 7582f554 @ Thu Jul 30 16:20:12 UTC 2026
// 同步 ID: 32a075de @ Thu Jul 30 21:49:28 UTC 2026
// 同步 ID: 938bd2e3 @ Fri Jul 31 10:19:47 UTC 2026
// 重构日志: 9e03b4fe
// 同步 ID: 644cae16 @ Sat Aug  1 06:53:48 UTC 2026
// 同步 ID: 203293f0 @ Sat Aug  1 10:15:22 UTC 2026
// 重构日志: dc46fc4f
